Analyzing GraduWay...                                           

   info - Invalid use of a private type in a public API - lib\providers\app_providers.dart:146:14 - library_private_types_in_public_api
   info - Invalid use of a private type in a public API - lib\providers\app_providers.dart:181:10 - library_private_types_in_public_api
   info - Statements in an if should be enclosed in a block - lib\providers\app_providers.dart:221:7 - curly_braces_in_flow_control_structures
   info - Statements in an if should be enclosed in a block - lib\providers\app_providers.dart:224:7 - curly_braces_in_flow_control_structures
   info - Statements in an if should be enclosed in a block - lib\providers\app_providers.dart:233:7 - curly_braces_in_flow_control_structures
   info - Statements in an if should be enclosed in a block - lib\providers\app_providers.dart:246:7 - curly_braces_in_flow_control_structures
   info - Statements in an if should be enclosed in a block - lib\providers\app_providers.dart:248:7 - curly_braces_in_flow_control_structures
   info - Use 'const' literals as arguments to constructors of '@immutable' classes - lib\screens\admin\admin_overview_screen.dart:33:25 - prefer_const_literals_to_create_immutables
   info - Use 'const' with the constructor to improve performance - lib\screens\admin\admin_overview_screen.dart:34:17 - prefer_const_constructors
   info - Use 'const' with the constructor to improve performance - lib\screens\admin\admin_overview_screen.dart:35:17 - prefer_const_constructors
   info - Use 'const' with the constructor to improve performance - lib\screens\admin\admin_overview_screen.dart:36:17 - prefer_const_constructors
   info - Use 'const' with the constructor to improve performance - lib\screens\admin\admin_overview_screen.dart:37:17 - prefer_const_constructors
   info - 'withOpacity' is deprecated and shouldn't be used. Use .withValues() to avoid precision loss - lib\screens\admin\admin_overview_screen.dart:71:50 - deprecated_member_use
   info - Use 'const' with the constructor to improve performance - lib\screens\admin\admin_overview_screen.dart:208:30 - prefer_const_constructors
   info - 'withOpacity' is deprecated and shouldn't be used. Use .withValues() to avoid precision loss - lib\screens\admin\admin_overview_screen.dart:240:54 - deprecated_member_use
   info - Use 'const' with the constructor to improve performance - lib\screens\admin\admin_users_screen.dart:45:20 - prefer_const_constructors
   info - Use 'const' with the constructor to improve performance - lib\screens\admin\admin_users_screen.dart:46:27 - prefer_const_constructors
   info - Use 'const' literals as arguments to constructors of '@immutable' classes - lib\screens\admin\admin_users_screen.dart:68:25 - prefer_const_literals_to_create_immutables
   info - Use 'const' with the constructor to improve performance - lib\screens\admin\admin_users_screen.dart:69:17 - prefer_const_constructors
   info - Use 'const' with the constructor to improve performance - lib\screens\admin\admin_users_screen.dart:70:17 - prefer_const_constructors
   info - Use 'const' for final variables initialized to a constant value - lib\screens\admin\admin_users_screen.dart:87:5 - prefer_const_declarations
   info - 'withOpacity' is deprecated and shouldn't be used. Use .withValues() to avoid precision loss - lib\screens\admin\admin_users_screen.dart:106:50 - deprecated_member_use
   info - Use 'const' with the constructor to improve performance - lib\screens\alumni\alumni_list_screen.dart:114:27 - prefer_const_constructors
   info - Use 'const' with the constructor to improve performance - lib\screens\alumni\alumni_list_screen.dart:115:36 - prefer_const_constructors
   info - 'withOpacity' is deprecated and shouldn't be used. Use .withValues() to avoid precision loss - lib\screens\alumni\alumni_list_screen.dart:229:42 - deprecated_member_use
   info - 'withOpacity' is deprecated and shouldn't be used. Use .withValues() to avoid precision loss - lib\screens\alumni\alumni_list_screen.dart:256:52 - deprecated_member_use
   info - 'withOpacity' is deprecated and shouldn't be used. Use .withValues() to avoid precision loss - lib\screens\alumni\alumni_list_screen.dart:277:48 - deprecated_member_use
   info - 'withOpacity' is deprecated and shouldn't be used. Use .withValues() to avoid precision loss - lib\screens\alumni\alumni_list_screen.dart:279:67 - deprecated_member_use
   info - 'withOpacity' is deprecated and shouldn't be used. Use .withValues() to avoid precision loss - lib\screens\alumni\alumni_profile_screen.dart:29:69 - deprecated_member_use
   info - 'withOpacity' is deprecated and shouldn't be used. Use .withValues() to avoid precision loss - lib\screens\alumni\alumni_profile_screen.dart:41:54 - deprecated_member_use
   info - 'withOpacity' is deprecated and shouldn't be used. Use .withValues() to avoid precision loss - lib\screens\alumni\alumni_profile_screen.dart:60:82 - deprecated_member_use
   info - Use 'const' with the constructor to improve performance - lib\screens\alumni\alumni_profile_screen.dart:146:21 - prefer_const_constructors
   info - 'withOpacity' is deprecated and shouldn't be used. Use .withValues() to avoid precision loss - lib\screens\alumni\alumni_profile_screen.dart:151:50 - deprecated_member_use
   info - 'withOpacity' is deprecated and shouldn't be used. Use .withValues() to avoid precision loss - lib\screens\alumni\alumni_profile_screen.dart:153:69 - deprecated_member_use
   info - Use 'const' with the constructor to improve performance - lib\screens\alumni\alumni_profile_screen.dart:176:21 - prefer_const_constructors
   info - Use 'const' with the constructor to improve performance - lib\screens\alumni\alumni_profile_screen.dart:191:21 - prefer_const_constructors
   info - 'withOpacity' is deprecated and shouldn't be used. Use .withValues() to avoid precision loss - lib\screens\alumni\alumni_profile_screen.dart:201:74 - deprecated_member_use
   info - Use 'const' with the constructor to improve performance - lib\screens\alumni\alumni_profile_screen.dart:210:21 - prefer_const_constructors
   info - Use 'const' with the constructor to improve performance - lib\screens\alumni\alumni_profile_screen.dart:221:43 - prefer_const_constructors
   info - Use 'const' with the constructor to improve performance - lib\screens\alumni\alumni_profile_screen.dart:234:21 - prefer_const_constructors
   info - 'withOpacity' is deprecated and shouldn't be used. Use .withValues() to avoid precision loss - lib\screens\alumni\alumni_profile_screen.dart:239:49 - deprecated_member_use
   info - 'withOpacity' is deprecated and shouldn't be used. Use .withValues() to avoid precision loss - lib\screens\alumni\alumni_profile_screen.dart:241:68 - deprecated_member_use
   info - 'withOpacity' is deprecated and shouldn't be used. Use .withValues() to avoid precision loss - lib\screens\alumni\alumni_profile_screen.dart:273:74 - deprecated_member_use
   info - 'withOpacity' is deprecated and shouldn't be used. Use .withValues() to avoid precision loss - lib\screens\alumni\alumni_profile_screen.dart:315:22 - deprecated_member_use
   info - 'withOpacity' is deprecated and shouldn't be used. Use .withValues() to avoid precision loss - lib\screens\alumni\alumni_profile_screen.dart:317:41 - deprecated_member_use
   info - Use 'const' with the constructor to improve performance - lib\screens\alumni_dashboard\alumni_home_screen.dart:72:17 - prefer_const_constructors
   info - Use 'const' with the constructor to improve performance - lib\screens\alumni_dashboard\alumni_home_screen.dart:78:17 - prefer_const_constructors
   info - 'withOpacity' is deprecated and shouldn't be used. Use .withValues() to avoid precision loss - lib\screens\alumni_dashboard\alumni_home_screen.dart:99:47 - deprecated_member_use
   info - Statements in an if should be enclosed in a block - lib\screens\alumni_dashboard\alumni_home_screen.dart:304:23 - curly_braces_in_flow_control_structures
   info - 'withOpacity' is deprecated and shouldn't be used. Use .withValues() to avoid precision loss - lib\screens\alumni_dashboard\alumni_home_screen.dart:396:24 - deprecated_member_use
   info - 'withOpacity' is deprecated and shouldn't be used. Use .withValues() to avoid precision loss - lib\screens\alumni_dashboard\alumni_home_screen.dart:398:43 - deprecated_member_use
   info - 'withOpacity' is deprecated and shouldn't be used. Use .withValues() to avoid precision loss - lib\screens\alumni_dashboard\alumni_home_screen.dart:447:32 - deprecated_member_use
   info - Use 'const' with the constructor to improve performance - lib\screens\alumni_dashboard\student_questions_screen.dart:41:15 - prefer_const_constructors
   info - 'withOpacity' is deprecated and shouldn't be used. Use .withValues() to avoid precision loss - lib\screens\alumni_dashboard\student_questions_screen.dart:89:83 - deprecated_member_use
   info - 'withOpacity' is deprecated and shouldn't be used. Use .withValues() to avoid precision loss - lib\screens\alumni_dashboard\student_questions_screen.dart:129:56 - deprecated_member_use
   info - 'withOpacity' is deprecated and shouldn't be used. Use .withValues() to avoid precision loss - lib\screens\auth\login_screen.dart:88:48 - deprecated_member_use
   info - 'withOpacity' is deprecated and shouldn't be used. Use .withValues() to avoid precision loss - lib\screens\auth\login_screen.dart:165:50 - deprecated_member_use
   info - Use 'const' with the constructor to improve performance - lib\screens\auth\login_screen.dart:242:16 - prefer_const_constructors
   info - Use 'const' with the constructor to improve performance - lib\screens\auth\login_screen.dart:244:18 - prefer_const_constructors
   info - Use 'const' with the constructor to improve performance - lib\screens\auth\login_screen.dart:273:14 - prefer_const_constructors
   info - Use 'const' literals as arguments to constructors of '@immutable' classes - lib\screens\auth\login_screen.dart:275:19 - prefer_const_literals_to_create_immutables
   info - Use 'const' with the constructor to improve performance - lib\screens\auth\login_screen.dart:294:11 - prefer_const_constructors
   info - Use 'const' with the constructor to improve performance - lib\screens\auth\login_screen.dart:308:11 - prefer_const_constructors
   info - Use 'const' with the constructor to improve performance - lib\screens\auth\login_screen.dart:322:11 - prefer_const_constructors
   info - 'withOpacity' is deprecated and shouldn't be used. Use .withValues() to avoid precision loss - lib\screens\auth\login_screen.dart:359:26 - deprecated_member_use
   info - 'withOpacity' is deprecated and shouldn't be used. Use .withValues() to avoid precision loss - lib\screens\events\events_screen.dart:59:82 - deprecated_member_use
   info - 'withOpacity' is deprecated and shouldn't be used. Use .withValues() to avoid precision loss - lib\screens\events\events_screen.dart:71:76 - deprecated_member_use
   info - 'withOpacity' is deprecated and shouldn't be used. Use .withValues() to avoid precision loss - lib\screens\events\events_screen.dart:81:82 - deprecated_member_use
   info - 'withOpacity' is deprecated and shouldn't be used. Use .withValues() to avoid precision loss - lib\screens\events\events_screen.dart:135:73 - deprecated_member_use
   info - 'withOpacity' is deprecated and shouldn't be used. Use .withValues() to avoid precision loss - lib\screens\events\events_screen.dart:137:92 - deprecated_member_use
   info - 'withOpacity' is deprecated and shouldn't be used. Use .withValues() to avoid precision loss - lib\screens\events\events_screen.dart:138:100 - deprecated_member_use
   info - Use 'const' with the constructor to improve performance - lib\screens\gamification\badges_screen.dart:61:36 - prefer_const_constructors
   info - Use 'const' literals as arguments to constructors of '@immutable' classes - lib\screens\gamification\badges_screen.dart:63:41 - prefer_const_literals_to_create_immutables
   info - 'withOpacity' is deprecated and shouldn't be used. Use .withValues() to avoid precision loss - lib\screens\gamification\badges_screen.dart:80:74 - deprecated_member_use
   info - Use 'const' with the constructor to improve performance - lib\screens\gamification\badges_screen.dart:126:23 - prefer_const_constructors
   info - 'withOpacity' is deprecated and shouldn't be used. Use .withValues() to avoid precision loss - lib\screens\gamification\badges_screen.dart:162:73 - deprecated_member_use
   info - 'withOpacity' is deprecated and shouldn't be used. Use .withValues() to avoid precision loss - lib\screens\gamification\badges_screen.dart:260:24 - deprecated_member_use
   info - 'withOpacity' is deprecated and shouldn't be used. Use .withValues() to avoid precision loss - lib\screens\gamification\badges_screen.dart:262:43 - deprecated_member_use
   info - 'withOpacity' is deprecated and shouldn't be used. Use .withValues() to avoid precision loss - lib\screens\gamification\badges_screen.dart:272:86 - deprecated_member_use
   info - 'withOpacity' is deprecated and shouldn't be used. Use .withValues() to avoid precision loss - lib\screens\home\home_screen.dart:72:56 - deprecated_member_use
   info - Use 'const' with the constructor to improve performance - lib\screens\home\home_screen.dart:90:21 - prefer_const_constructors
   info - Use 'const' with the constructor to improve performance - lib\screens\home\home_screen.dart:91:30 - prefer_const_constructors
   info - Use 'const' literals as arguments to constructors of '@immutable' classes - lib\screens\home\home_screen.dart:93:35 - prefer_const_literals_to_create_immutables
   info - 'withOpacity' is deprecated and shouldn't be used. Use .withValues() to avoid precision loss - lib\screens\home\home_screen.dart:196:80 - deprecated_member_use
   info - Use 'const' with the constructor to improve performance - lib\screens\home\home_screen.dart:246:7 - prefer_const_constructors
   info - Use 'const' with the constructor to improve performance - lib\screens\home\home_screen.dart:247:7 - prefer_const_constructors
   info - Use 'const' with the constructor to improve performance - lib\screens\home\home_screen.dart:248:7 - prefer_const_constructors
   info - 'withOpacity' is deprecated and shouldn't be used. Use .withValues() to avoid precision loss - lib\screens\home\home_screen.dart:281:58 - deprecated_member_use
   info - 'withOpacity' is deprecated and shouldn't be used. Use .withValues() to avoid precision loss - lib\screens\home\home_screen.dart:323:30 - deprecated_member_use
   info - 'withOpacity' is deprecated and shouldn't be used. Use .withValues() to avoid precision loss - lib\screens\home\home_screen.dart:325:49 - deprecated_member_use
   info - Use 'const' with the constructor to improve performance - lib\screens\onboarding\onboarding_screen.dart:21:5 - prefer_const_constructors
   info - Use 'const' with the constructor to improve performance - lib\screens\onboarding\onboarding_screen.dart:28:5 - prefer_const_constructors
   info - Use 'const' with the constructor to improve performance - lib\screens\onboarding\onboarding_screen.dart:35:5 - prefer_const_constructors
   info - Use 'const' with the constructor to improve performance - lib\screens\onboarding\onboarding_screen.dart:88:31 - prefer_const_constructors
   info - 'withOpacity' is deprecated and shouldn't be used. Use .withValues() to avoid precision loss - lib\screens\onboarding\onboarding_screen.dart:119:58 - deprecated_member_use
   info - 'withOpacity' is deprecated and shouldn't be used. Use .withValues() to avoid precision loss - lib\screens\onboarding\onboarding_screen.dart:142:57 - deprecated_member_use
   info - 'withOpacity' is deprecated and shouldn't be used. Use .withValues() to avoid precision loss - lib\screens\onboarding\onboarding_screen.dart:174:61 - deprecated_member_use
   info - 'withOpacity' is deprecated and shouldn't be used. Use .withValues() to avoid precision loss - lib\screens\placement\placement_reality_screen.dart:94:51 - deprecated_member_use
   info - 'withOpacity' is deprecated and shouldn't be used. Use .withValues() to avoid precision loss - lib\screens\placement\placement_reality_screen.dart:97:55 - deprecated_member_use
   info - Use 'const' with the constructor to improve performance - lib\screens\placement\placement_reality_screen.dart:99:32 - prefer_const_constructors
   info - Use 'const' literals as arguments to constructors of '@immutable' classes - lib\screens\placement\placement_reality_screen.dart:100:37 - prefer_const_literals_to_create_immutables
   info - 'withOpacity' is deprecated and shouldn't be used. Use .withValues() to avoid precision loss - lib\screens\placement\placement_reality_screen.dart:175:38 - deprecated_member_use
   info - 'withOpacity' is deprecated and shouldn't be used. Use .withValues() to avoid precision loss - lib\screens\placement\placement_reality_screen.dart:193:53 - deprecated_member_use
   info - 'withOpacity' is deprecated and shouldn't be used. Use .withValues() to avoid precision loss - lib\screens\placement\placement_reality_screen.dart:196:57 - deprecated_member_use
   info - 'withOpacity' is deprecated and shouldn't be used. Use .withValues() to avoid precision loss - lib\screens\placement\placement_reality_screen.dart:226:54 - deprecated_member_use
   info - 'withOpacity' is deprecated and shouldn't be used. Use .withValues() to avoid precision loss - lib\screens\profile\profile_screen.dart:53:62 - deprecated_member_use
   info - 'withOpacity' is deprecated and shouldn't be used. Use .withValues() to avoid precision loss - lib\screens\profile\profile_screen.dart:155:68 - deprecated_member_use
   info - 'withOpacity' is deprecated and shouldn't be used. Use .withValues() to avoid precision loss - lib\screens\profile\profile_screen.dart:171:70 - deprecated_member_use
   info - 'withOpacity' is deprecated and shouldn't be used. Use .withValues() to avoid precision loss - lib\screens\profile\profile_screen.dart:187:66 - deprecated_member_use
   info - Use 'const' with the constructor to improve performance - lib\screens\profile\profile_screen.dart:289:7 - prefer_const_constructors
   info - Use 'const' with the constructor to improve performance - lib\screens\profile\profile_screen.dart:290:7 - prefer_const_constructors
   info - Use 'const' with the constructor to improve performance - lib\screens\profile\profile_screen.dart:291:7 - prefer_const_constructors
   info - Use 'const' with the constructor to improve performance - lib\screens\profile\profile_screen.dart:292:7 - prefer_const_constructors
   info - 'withOpacity' is deprecated and shouldn't be used. Use .withValues() to avoid precision loss - lib\screens\profile\profile_screen.dart:333:66 - deprecated_member_use
   info - 'withOpacity' is deprecated and shouldn't be used. Use .withValues() to avoid precision loss - lib\screens\profile\profile_screen.dart:518:22 - deprecated_member_use
   info - 'withOpacity' is deprecated and shouldn't be used. Use .withValues() to avoid precision loss - lib\screens\profile\profile_screen.dart:520:41 - deprecated_member_use
   info - 'withOpacity' is deprecated and shouldn't be used. Use .withValues() to avoid precision loss - lib\screens\profile\profile_screen.dart:557:67 - deprecated_member_use
   info - Statements in an if should be enclosed in a block - lib\screens\qa\qa_screen.dart:182:32 - curly_braces_in_flow_control_structures
   info - Statements in an if should be enclosed in a block - lib\screens\qa\qa_screen.dart:183:28 - curly_braces_in_flow_control_structures
   info - 'withOpacity' is deprecated and shouldn't be used. Use .withValues() to avoid precision loss - lib\screens\qa\qa_screen.dart:243:54 - deprecated_member_use
   info - Use 'const' with the constructor to improve performance - lib\screens\shell\admin_shell.dart:17:7 - prefer_const_constructors
   info - Use 'const' with the constructor to improve performance - lib\screens\shell\admin_shell.dart:18:7 - prefer_const_constructors
   info - Use 'const' with the constructor to improve performance - lib\screens\shell\admin_shell.dart:19:7 - prefer_const_constructors
   info - 'withOpacity' is deprecated and shouldn't be used. Use .withValues() to avoid precision loss - lib\screens\shell\admin_shell.dart:30:38 - deprecated_member_use
   info - Use 'const' with the constructor to improve performance - lib\screens\shell\alumni_shell.dart:17:7 - prefer_const_constructors
   info - Use 'const' with the constructor to improve performance - lib\screens\shell\alumni_shell.dart:18:7 - prefer_const_constructors
   info - Use 'const' with the constructor to improve performance - lib\screens\shell\alumni_shell.dart:19:7 - prefer_const_constructors
   info - 'withOpacity' is deprecated and shouldn't be used. Use .withValues() to avoid precision loss - lib\screens\shell\alumni_shell.dart:30:39 - deprecated_member_use
   info - Use 'const' with the constructor to improve performance - lib\screens\shell\student_shell.dart:17:7 - prefer_const_constructors
   info - Use 'const' with the constructor to improve performance - lib\screens\shell\student_shell.dart:18:7 - prefer_const_constructors
   info - Use 'const' with the constructor to improve performance - lib\screens\shell\student_shell.dart:19:7 - prefer_const_constructors
   info - Use 'const' with the constructor to improve performance - lib\screens\shell\student_shell.dart:20:7 - prefer_const_constructors
   info - Use 'const' with the constructor to improve performance - lib\screens\shell\student_shell.dart:21:7 - prefer_const_constructors
   info - 'withOpacity' is deprecated and shouldn't be used. Use .withValues() to avoid precision loss - lib\screens\shell\student_shell.dart:37:40 - deprecated_member_use
   info - Use 'const' with the constructor to improve performance - lib\screens\skill_package\skill_package_screen.dart:89:64 - prefer_const_constructors
   info - 'withOpacity' is deprecated and shouldn't be used. Use .withValues() to avoid precision loss - lib\screens\splash\splash_screen.dart:42:55 - deprecated_member_use
   info - 'withOpacity' is deprecated and shouldn't be used. Use .withValues() to avoid precision loss - lib\screens\splash\splash_screen.dart:50:57 - deprecated_member_use
   info - 'withOpacity' is deprecated and shouldn't be used. Use .withValues() to avoid precision loss - lib\screens\splash\splash_screen.dart:58:54 - deprecated_member_use
   info - 'withOpacity' is deprecated and shouldn't be used. Use .withValues() to avoid precision loss - lib\screens\splash\splash_screen.dart:77:52 - deprecated_member_use
   info - Use 'const' with the constructor to improve performance - lib\screens\splash\splash_screen.dart:110:19 - prefer_const_constructors
   info - Use 'const' with the constructor to improve performance - lib\screens\splash\splash_screen.dart:112:28 - prefer_const_constructors
   info - 'withOpacity' is deprecated and shouldn't be used. Use .withValues() to avoid precision loss - lib\screens\splash\splash_screen.dart:128:47 - deprecated_member_use
   info - 'withOpacity' is deprecated and shouldn't be used. Use .withValues() to avoid precision loss - lib\screens\splash\splash_screen.dart:130:66 - deprecated_member_use
   info - 'withOpacity' is deprecated and shouldn't be used. Use .withValues() to avoid precision loss - lib\screens\splash\splash_screen.dart:160:85 - deprecated_member_use
   info - Use 'const' with the constructor to improve performance - lib\screens\splash\splash_screen.dart:162:19 - prefer_const_constructors
   info - Use 'const' with the constructor to improve performance - lib\screens\splash\splash_screen.dart:165:28 - prefer_const_constructors
   info - 'withOpacity' is deprecated and shouldn't be used. Use .withValues() to avoid precision loss - lib\theme\app_colors.dart:105:38 - deprecated_member_use
   info - 'withOpacity' is deprecated and shouldn't be used. Use .withValues() to avoid precision loss - lib\theme\app_colors.dart:113:38 - deprecated_member_use
   info - 'useMaterial3' is deprecated and shouldn't be used. Use a ThemeData constructor (.from, .light, or .dark) instead. These constructors all have a useMaterial3 argument, and they set appropriate default values based on its value. See the useMaterial3 API documentation for full details. This feature was deprecated after v3.13.0-0.2.pre - lib\theme\app_theme.dart:11:7 - deprecated_member_use
   info - 'withOpacity' is deprecated and shouldn't be used. Use .withValues() to avoid precision loss - lib\widgets\custom_app_bar.dart:39:35 - deprecated_member_use
warning - The asset directory 'assets/images/' doesn't exist - pubspec.yaml:57:7 - asset_directory_does_not_exist
warning - The asset directory 'assets/animations/' doesn't exist - pubspec.yaml:58:7 - asset_directory_does_not_exist

